// Jest Snapshot v1, https://goo.gl/fbAQLP

exports[`renders homepage unchanged 1`] = `
<div>
  <main
    class="text-3xl lg:text-4xl !leading-tight mx-auto max-w-xl text-center"
  >
    Harmonie
  </main>
</div>
`;
